ERROR: message here